[0m10:45:32.899857 [debug] [MainThread]: Sending event: {'category': 'dbt', 'action': 'invocation', 'label': 'start', 'context': [<snowplow_tracker.self_describing_json.SelfDescribingJson object at 0x000001CBC206C830>, <snowplow_tracker.self_describing_json.SelfDescribingJson object at 0x000001CBC5A009E0>, <snowplow_tracker.self_describing_json.SelfDescribingJson object at 0x000001CBC2C3D460>]}


============================== 10:45:32.904721 | 224e95be-74d7-4c39-a289-86162b90e75a ==============================
[0m10:45:32.904721 [info ] [MainThread]: Running with dbt=1.12.0
[0m10:45:32.905727 [debug] [MainThread]: running dbt with arguments {'version_check': 'True', 'no_print': 'None', 'static_parser': 'True', 'target_path': 'None', 'maximum_seed_size_mib': '1', 'warn_error_options': 'WarnErrorOptionsV2(error=[], warn=[], silence=[])', 'printer_width': '80', 'write_json': 'True', 'introspect': 'True', 'log_cache_events': 'False', 'empty': 'False', 'cache_selected_only': 'False', 'log_format': 'default', 'debug': 'False', 'fail_fast': 'False', 'partial_parse': 'True', 'send_anonymous_usage_stats': 'True', 'quiet': 'False', 'warn_error': 'None', 'profiles_dir': 'C:\\Users\\ilyal\\.dbt', 'indirect_selection': 'eager', 'hints_enabled': 'True', 'use_colors': 'True', 'use_experimental_parser': 'False', 'invocation_command': 'dbt build --select v_sessions', 'log_path': 'logs'}
[0m10:45:32.905727 [error] [MainThread]: [[31mERROR[0m]: Encountered an error:
Runtime Error
  No dbt_project.yml found at expected path C:\Users\ilyal\Documents\Dosc\projects\car-dealer\dbt_project.yml
  Verify that each entry within packages.yml (and their transitive dependencies) contains a file named dbt_project.yml
  
[0m10:45:32.906725 [debug] [MainThread]: Command `dbt build` failed at 10:45:32.906725 after 0.15 seconds
[0m10:45:32.907729 [debug] [MainThread]: Sending event: {'category': 'dbt', 'action': 'invocation', 'label': 'end', 'context': [<snowplow_tracker.self_describing_json.SelfDescribingJson object at 0x000001CBC746AFC0>, <snowplow_tracker.self_describing_json.SelfDescribingJson object at 0x000001CBC7426F90>, <snowplow_tracker.self_describing_json.SelfDescribingJson object at 0x000001CBC74269C0>]}
[0m10:45:32.907729 [debug] [MainThread]: Flushing usage events
[0m10:45:34.115581 [debug] [MainThread]: An error was encountered while trying to flush usage events
[0m11:12:02.443941 [debug] [MainThread]: Sending event: {'category': 'dbt', 'action': 'invocation', 'label': 'start', 'context': [<snowplow_tracker.self_describing_json.SelfDescribingJson object at 0x0000022BF4AA2870>, <snowplow_tracker.self_describing_json.SelfDescribingJson object at 0x0000022BF4AC8C80>, <snowplow_tracker.self_describing_json.SelfDescribingJson object at 0x0000022BF4ACBFE0>]}


============================== 11:12:02.448139 | 6254c4a5-3366-484a-975d-7fdc0a7f7aa7 ==============================
[0m11:12:02.448139 [info ] [MainThread]: Running with dbt=1.12.0
[0m11:12:02.448656 [debug] [MainThread]: running dbt with arguments {'static_parser': 'True', 'no_print': 'None', 'version_check': 'True', 'warn_error_options': 'WarnErrorOptionsV2(error=[], warn=[], silence=[])', 'target_path': 'None', 'maximum_seed_size_mib': '1', 'printer_width': '80', 'write_json': 'True', 'empty': 'False', 'log_cache_events': 'False', 'introspect': 'True', 'cache_selected_only': 'False', 'fail_fast': 'False', 'debug': 'False', 'log_format': 'default', 'profiles_dir': 'C:\\Users\\ilyal\\.dbt', 'send_anonymous_usage_stats': 'True', 'quiet': 'False', 'warn_error': 'None', 'partial_parse': 'True', 'indirect_selection': 'eager', 'hints_enabled': 'True', 'use_colors': 'True', 'use_experimental_parser': 'False', 'invocation_command': 'dbt build --select int_session_crm', 'log_path': 'logs'}
[0m11:12:02.449179 [error] [MainThread]: [[31mERROR[0m]: Encountered an error:
Runtime Error
  No dbt_project.yml found at expected path C:\Users\ilyal\Documents\Dosc\projects\car-dealer\dbt_project.yml
  Verify that each entry within packages.yml (and their transitive dependencies) contains a file named dbt_project.yml
  
[0m11:12:02.450218 [debug] [MainThread]: Command `dbt build` failed at 11:12:02.450218 after 0.13 seconds
[0m11:12:02.450743 [debug] [MainThread]: Sending event: {'category': 'dbt', 'action': 'invocation', 'label': 'end', 'context': [<snowplow_tracker.self_describing_json.SelfDescribingJson object at 0x0000022BF2712330>, <snowplow_tracker.self_describing_json.SelfDescribingJson object at 0x0000022BF3FFF320>, <snowplow_tracker.self_describing_json.SelfDescribingJson object at 0x0000022BF67A7110>]}
[0m11:12:02.450743 [debug] [MainThread]: Flushing usage events
[0m11:12:03.665885 [debug] [MainThread]: An error was encountered while trying to flush usage events
